
> smart-advisor-ui@0.1.0 build
> next build

Γû▓ Next.js 16.1.6 (Turbopack)
- Environments: .env.local, .env
- Experiments (use with caution):
  Γ£ô optimizeCss

  Creating an optimized production build ...
Γ£ô Compiled successfully in 5.0s
  Skipping validation of types
  Collecting page data using 11 workers ...
  Generating static pages using 11 workers (0/31) ...
  Generating static pages using 11 workers (7/31) 
  Generating static pages using 11 workers (15/31) 
Γ¿» useSearchParams() should be wrapped in a suspense boundary at page "/planner/settings". Read more: https://nextjs.org/docs/messages/missing-suspense-with-csr-bailout
    at Q (C:\Users\omara\htuai\smart-advisor-ui\.next\server\chunks\ssr\node_modules_next_920e7746._.js:2:2111)
    at o (C:\Users\omara\htuai\smart-advisor-ui\.next\server\chunks\ssr\node_modules_next_920e7746._.js:4:5284)
    at r (C:\Users\omara\htuai\smart-advisor-ui\.next\server\chunks\ssr\_be9719c8._.js:1:4400)
    at an (C:\Users\omara\htuai\smart-advisor-ui\node_modules\next\dist\compiled\next-server\app-page-turbo.runtime.prod.js:2:84360)
    at ai (C:\Users\omara\htuai\smart-advisor-ui\node_modules\next\dist\compiled\next-server\app-page-turbo.runtime.prod.js:2:86179)
    at ai (C:\Users\omara\htuai\smart-advisor-ui\node_modules\next\dist\compiled\next-server\app-page-turbo.runtime.prod.js:2:104708)
    at al (C:\Users\omara\htuai\smart-advisor-ui\node_modules\next\dist\compiled\next-server\app-page-turbo.runtime.prod.js:2:107953)
    at as (C:\Users\omara\htuai\smart-advisor-ui\node_modules\next\dist\compiled\next-server\app-page-turbo.runtime.prod.js:2:105368)
    at am (C:\Users\omara\htuai\smart-advisor-ui\node_modules\next\dist\compiled\next-server\app-page-turbo.runtime.prod.js:2:112882)
    at au (C:\Users\omara\htuai\smart-advisor-ui\node_modules\next\dist\compiled\next-server\app-page-turbo.runtime.prod.js:2:109985)
Error occurred prerendering page "/planner/settings". Read more: https://nextjs.org/docs/messages/prerender-error
Export encountered an error on /planner/settings/page: /planner/settings, exiting the build.
Γ¿» Next.js build worker exited with code: 1 and signal: null
