
> smart-advisor-ui@0.1.0 build
> next build

Γû▓ Next.js 16.1.6 (Turbopack)
- Environments: .env.local, .env
- Experiments (use with caution):
  Γ£ô optimizeCss

  Creating an optimized production build ...

> Build error occurred
Error: Turbopack build failed with 6 errors:
./components/PlannerCourseDetail.tsx:8:1
Module not found: Can't resolve '@/hooks/use-toast'
   6 | import { ArrowLeft, Clock, Save, History, PlayCircle, PlusCircle, CheckCircle2 } from "lucide-react";
   7 | import Link from "next/link";
>  8 | import { useToast } from "@/hooks/use-toast";
     | ^^^^^^^^^^^^^^^^^^^^^^^^^^^^^^^^^^^^^^^^^^^^^
   9 | import CourseNotesEditor from "./CourseNotesEditor";
  10 |
  11 | export default function PlannerCourseDetail({ courseId }: { courseId: string }) {

Import map: aliased to relative './hooks/use-toast' inside of [project]/


Import trace:
  Server Component:
    ./components/PlannerCourseDetail.tsx
    ./app/planner/courses/[id]/page.tsx

https://nextjs.org/docs/messages/module-not-found


./components/PlannerGamification.tsx:8:1
Module not found: Can't resolve '@/hooks/use-toast'
   6 | import { ArrowLeft, Trophy, Star, Target, Crown, Flame } from "lucide-react";
   7 | import Link from "next/link";
>  8 | import { useToast } from "@/hooks/use-toast";
     | ^^^^^^^^^^^^^^^^^^^^^^^^^^^^^^^^^^^^^^^^^^^^^
   9 |
  10 | export default function PlannerGamification() {
  11 |     const { status } = useSession();

Import map: aliased to relative './hooks/use-toast' inside of [project]/


Import trace:
  Server Component:
    ./components/PlannerGamification.tsx
    ./app/planner/gamification/page.tsx

https://nextjs.org/docs/messages/module-not-found


./components/PlannerOnboarding.tsx:6:1
Module not found: Can't resolve '@/hooks/use-toast'
  4 | import { motion, AnimatePresence } from "framer-motion";
  5 | import { Sparkles, ArrowRight, BookOpen, CalendarPlus, CheckCircle2 } from "lucide-react";
> 6 | import { useToast } from "@/hooks/use-toast";
    | ^^^^^^^^^^^^^^^^^^^^^^^^^^^^^^^^^^^^^^^^^^^^^
  7 |
  8 | export default function PlannerOnboarding({ onComplete }: { onComplete: () => void }) {
  9 |     const { toast } = useToast();

Import map: aliased to relative './hooks/use-toast' inside of [project]/


Import traces:
  Client Component Browser:
    ./components/PlannerOnboarding.tsx [Client Component Browser]
    ./components/PlannerHomeClient.tsx [Client Component Browser]
    ./components/PlannerHomeClient.tsx [Server Component]
    ./app/planner/page.tsx [Server Component]

  Client Component SSR:
    ./components/PlannerOnboarding.tsx [Client Component SSR]
    ./components/PlannerHomeClient.tsx [Client Component SSR]
    ./components/PlannerHomeClient.tsx [Server Component]
    ./app/planner/page.tsx [Server Component]

https://nextjs.org/docs/messages/module-not-found


./components/PlannerSemesterDetail.tsx:9:1
Module not found: Can't resolve '@/hooks/use-toast'
   7 | import { CalendarDays, ArrowLeft, BookOpen, Plus, MoreVertical, Target, MapPin, User, Save } from "lucide-react";
   8 | import Link from "next/link";
>  9 | import { useToast } from "@/hooks/use-toast";
     | ^^^^^^^^^^^^^^^^^^^^^^^^^^^^^^^^^^^^^^^^^^^^^
  10 | import { GRADE_MAP } from "@/lib/grading";
  11 |
  12 | export default function PlannerSemesterDetail({ semesterId }: { semesterId: string }) {

Import map: aliased to relative './hooks/use-toast' inside of [project]/


Import trace:
  Server Component:
    ./components/PlannerSemesterDetail.tsx
    ./app/planner/semesters/[id]/page.tsx

https://nextjs.org/docs/messages/module-not-found


./components/PlannerSemesterList.tsx:9:1
Module not found: Can't resolve '@/hooks/use-toast'
   7 | import { CalendarDays, Plus, ArrowRight, BookOpen, Clock, Target } from "lucide-react";
   8 | import Link from "next/link";
>  9 | import { useToast } from "@/hooks/use-toast";
     | ^^^^^^^^^^^^^^^^^^^^^^^^^^^^^^^^^^^^^^^^^^^^^
  10 |
  11 | export default function PlannerSemesterList() {
  12 |     const { status } = useSession();

Import map: aliased to relative './hooks/use-toast' inside of [project]/


Import trace:
  Server Component:
    ./components/PlannerSemesterList.tsx
    ./app/planner/semesters/page.tsx

https://nextjs.org/docs/messages/module-not-found


./components/PlannerSettings.tsx:8:1
Module not found: Can't resolve '@/hooks/use-toast'
   6 | import { ArrowLeft, Settings2, Calendar, RefreshCcw, Bell } from "lucide-react";
   7 | import Link from "next/link";
>  8 | import { useToast } from "@/hooks/use-toast";
     | ^^^^^^^^^^^^^^^^^^^^^^^^^^^^^^^^^^^^^^^^^^^^^
   9 |
  10 | export default function PlannerSettings() {
  11 |     const { status } = useSession();

Import map: aliased to relative './hooks/use-toast' inside of [project]/


Import trace:
  Server Component:
    ./components/PlannerSettings.tsx
    ./app/planner/settings/page.tsx

https://nextjs.org/docs/messages/module-not-found


    at <unknown> (./components/PlannerCourseDetail.tsx:8:1)
    at <unknown> (https://nextjs.org/docs/messages/module-not-found)
    at <unknown> (./components/PlannerGamification.tsx:8:1)
    at <unknown> (https://nextjs.org/docs/messages/module-not-found)
    at <unknown> (./components/PlannerOnboarding.tsx:6:1)
    at <unknown> (https://nextjs.org/docs/messages/module-not-found)
    at <unknown> (./components/PlannerSemesterDetail.tsx:9:1)
    at <unknown> (https://nextjs.org/docs/messages/module-not-found)
    at <unknown> (./components/PlannerSemesterList.tsx:9:1)
    at <unknown> (https://nextjs.org/docs/messages/module-not-found)
    at <unknown> (./components/PlannerSettings.tsx:8:1)
    at <unknown> (https://nextjs.org/docs/messages/module-not-found)
